--- FALLA ---
Producto: "DS-2CE12DF3T-" -> Normalizada: "DS2CE12DF3T"
-----------------
--- FALLA ---
Producto: "DS-2CE16D1T-" -> Normalizada: "DS2CE16D1T"
-----------------
--- FALLA ---
Producto: "DS-2CE16D0T-" -> Normalizada: "DS2CE16D0T"
-----------------
--- FALLA ---
Producto: "DS-2CE17D0T-" -> Normalizada: "DS2CE17D0T"
-----------------
--- FALLA ---
Producto: "DS-2CE16D0T-" -> Normalizada: "DS2CE16D0T"
-----------------
--- FALLA ---
Producto: "DS-2CE16H0T-" -> Normalizada: "DS2CE16H0T"
-----------------
--- FALLA ---
Producto: "DS-2CE16U1T-" -> Normalizada: "DS2CE16U1T"
-----------------
--- FALLA ---
Producto: "DS-2CE19H0T-" -> Normalizada: "DS2CE19H0T"
-----------------
--- FALLA ---
Producto: "DS-2CE19H8T-" -> Normalizada: "DS2CE19H8T"
-----------------
--- FALLA ---
Producto: "DS-2CE19U1T-" -> Normalizada: "DS2CE19U1T"
-----------------
--- FALLA ---
Producto: "DS-2CE16H0T-" -> Normalizada: "DS2CE16H0T"
-----------------
--- FALLA ---
Producto: "DS-2CE16U1T-" -> Normalizada: "DS2CE16U1T"
-----------------
--- FALLA ---
Producto: "DS-2CE19H0T-" -> Normalizada: "DS2CE19H0T"
-----------------
--- FALLA ---
Producto: "DS-2CE19H8T-" -> Normalizada: "DS2CE19H8T"
-----------------
--- FALLA ---
Producto: "DS-2CE19U1T-" -> Normalizada: "DS2CE19U1T"
-----------------
--- FALLA ---
Producto: "DS-2CE56D0T-" -> Normalizada: "DS2CE56D0T"
-----------------
--- FALLA ---
Producto: "DS-2CE56D1T-" -> Normalizada: "DS2CE56D1T"
-----------------