Soporte BaseSoporte Techo
DS-1280ZJ-XSNo
DS-1280ZJ-XSNo
DS-1280ZJ-XSNo
DS-1280ZJ-XSNo
NoNo
Soporte PosteSoporte Esquina
NoNo
NoNo
NoNo
DS-1275ZJ-SUSDS-1276ZJ-SUS
NoNo
DS-2CE56D1T-
IRMMF(2.8MM)
DS-2CE56D0T-
DS-2CE56D8T-
DS-2CE76D0T-
DS-2CE72D8T-
DS-1272ZJ-110-
DS-1272ZJ-110-
DS-1272ZJ-110-
DS-1272ZJ-110-
Soporte BaseSoporte Techo
NoNo
NoNo
DS-1280ZJ-XSNo
DS-1280ZJ-SNo
DS-1280ZJ-XSNo
DS-1280ZJ-SNo
Soporte PosteSoporte Esquina
NoNo
NoNo
DS-1275ZJ-SUSDS-1276ZJ-SUS
DS-1275ZJ-SUSDS-1276ZJ-SUS
DS-1275ZJ-SUSDS-1276ZJ-SUS
DS-1275ZJ-SUSDS-1276ZJ-SUS
DS-2CE5AD0T-
DS-2CE79D0T-
DS-2CE79D0T-
DS-2CE5AD8T-
DS-2CE76H0T-
DS-2CE76H8T-
DS-2CE56H1T-
DS-2CE59H8T-
DS-2CE79H0T-
Soporte ParedSoporte Base
DS-1272ZJ-110-TRSDS-1280ZJ-XS
DS-1273ZJ-140-DM45DS-1280ZJ-DM45
DS-1273ZJ-130-TRLDS-1280ZJ-M
Soporte PosteSoporte Esquina
DS-1275ZJ-SUSDS-1276ZJ-SUS
DS-1275ZJ-SUSDS-1276ZJ-SUS
DS-1275ZJ-SUSDS-1276ZJ-SUS
WITH BRACKETS
A(E)BRACKET
A(E)BRACKET
TC-P54BM V5 B-TDS-1280ZJ-XS
TC-P54BM V5 B-TDS-1280ZJ-XS
Soporte Base
DS-1280ZJ-XSA36 POLE MOUNT U
DS-1280ZJ-XSA36 POLE MOUNT U
DS-1280ZJ-XSA36 POLE MOUNT U
STD
A29 WALL MOUNT MD-
A29 WALL MOUNT MD-
TC-R3110 SPEC:I-B-K-V3.1IP
TC-R3220 SPEC:I-B-K-V3.1IP
TC-R3440 SPEC:I-B-N-V4.0IP
DS-
DS-2CV1021G0-
DS-2CV2021G2-
DS-2CD2023G2-
DS-2CD2T26G2-
DS-
Soporte ParedSoporte Base
DS-1280ZJ-XSNo
NoDS-1280ZJ-XS
NoDS-1280ZJ-XS
NoDS-1280ZJ-XS
DS-1280ZJ-SNo
NoDS-1280ZJ-XS
Soporte PosteSoporte Esquina
DS-1275ZJ-SUSDS-1276ZJ-SUS
NoNo
NoNo
DS-1275ZJ-SUSDS-1276ZJ-SUS
DS-1275ZJ-SUSDS-1276ZJ-SUS
DS-1275ZJ-SUSDS-1276ZJ-SUS
IDS-
DS-2CD2623G2-
DS-2CD2626G2-
DS-
IDS-
Soporte Pared
NoDS-1260ZJ
DS-1280ZJ-SNo
Soporte Poste
DS-1475ZJ-SUSDS-1476ZJ-Y
Soporte Esquina
DS-1475ZJ-Y
DS-2CV2041G2-
DS-2CD2T46G2P-
DS-2CD2047G3-
DS-2CD2043G2-
DS-2CD2043G2-
SL(2.8MM)
Soporte ParedSoporte Base
NoDS-1260ZJ
DS-1280ZJ-SNo
DS-1260ZJDS-1260ZJ
Soporte TechoSoporte Poste
NoDS-1275ZJ-SUS
NoDS-1276ZJ-SUS
DS-1260ZJDS-1275ZJ-SUS
Soporte EsquinaSoporte Empotrado
DS-1276ZJ-SUSNo
DS-1275ZJ-SUSNo
DS-1276ZJ-SUSNo
DS-2CD1643G2-
DS-2CD2643G2-
DS-2CD2646G2-
DS-2CD2646G2-
IDS-
Soporte Pared
NoDS-1260ZJ
Soporte Base
DS-1275ZJ-SUSDS-1276ZJ-SUS
DS-1275ZJ-SUSDS-1276ZJ-SUS
DS-2CD2T87G3-
DS-2CD1663G2-
DS-
DS-2CD2663G2-
DS-2CD3666G2-
Soporte Pared
NoDS-1260ZJ
Soporte Base
DS-1275ZJ-SUSDS-1276ZJ-SUS
DS-1275ZJ-SUSDS-1276ZJ-SUS
DS-2CD2523G2-IS2.8MM
Soporte ParedSoporte Base
DS-1273ZJ-140DS-1280ZJ-PT6
DS-1272ZJ-120DS-1280ZJ-DM46
DS-1272ZJ-120DS-1280ZJ-DM46
DS-1272ZJ-120No
Soporte TechoSoporte Poste
NoDS-1275ZJ-SUS
NoDS-1275ZJ-SUS
NoDS-1275ZJ-SUS
DS-1271ZJ-110No
Soporte EsquinaSoporte Empotrado
DS-1276ZJ-SUSNo
DS-1276ZJ-SUSNo
DS-1276ZJ-SUSNo
NoNo
Soporte ParedSoporte Base
DS-1272ZJ-120DS-1280ZJ-DM46
DS-1473ZJ-135No
DS-1473ZJ-155No
DS-1473ZJ-155No
DS-1272ZJ-120No
Soporte TechoSoporte Poste
DS-1271ZJ-120DS-1275ZJ-SUS
NoDS-1475ZJ-SUS
NoDS-1475ZJ-SUS
NoDS-1475ZJ-SUS
NoDS-1275ZJ-SUS
Soporte EsquinaSoporte Empotrado
DS-1276ZJ-SUSNo
DS-1476ZJ-SUSNo
DS-1476ZJ-SUSNo
DS-1476ZJ-SUSNo
DS-1276ZJ-SUSNo
Soporte ParedSoporte Base
DS-1272ZJ-110-TRSDS-1280ZJ-S
DS-1272ZJ-110-TRSDS-1280ZJ-S
DS-1272ZJ-120DS-1280ZJ-DM46
DS-1272ZJ-110DS-1280ZJ-DM18
DS-1272ZJ-120DS-1280ZJ-DM46
Soporte PosteSoporte Esquina
DS-1275ZJ-SUSDS-1276ZJ-SUS
DS-1275ZJ-SUSDS-1276ZJ-SUS
DS-1275ZJ-SUSDS-1276ZJ-SUS
DS-1275ZJ-SUSDS-1276ZJ-SUS
DS-1275ZJ-SUSDS-1276ZJ-SUS
Soporte ParedSoporte Base
DS-1272ZJ-120No
DS-1272ZJ-120DS-1280ZJ-DM46
DS-1272ZJ-120DS-1280ZJ-DM46
DS-1273ZJ-130-TRLDS-1280ZJ-DM8
DS-1273ZJ-140DS-1280ZJ-PT6
Soporte TechoSoporte Poste
NoNo
NoDS-1275ZJ-SUS
DS-1280ZJ-DM46DS-1275ZJ-SUS
NoDS-1275ZJ-SUS
NoNo
Soporte EsquinaSoporte Empotrado
NoNo
DS-1276ZJ-SUSNo
DS-1275ZJ-SUSNo
DS-1276ZJ-SUSNo
DS-1276ZJ-SUSNo
Soporte ParedSoporte Base
DS-1273ZJ-140DS-1280ZJ-PT6
DS-1272ZJ-120DS-1280ZJ-DM46
DS-1272ZJ-120DS-1280ZJ-DM46
DS-1272ZJ-120DS-1280ZJ-DM46
DS-1273ZJ-140No
Soporte TechoSoporte Poste
DS-1280ZJ-PT6DS-1275ZJ-SUS
NoDS-1275ZJ-SUS
NoDS-1275ZJ-SUS
NoDS-1275ZJ-SUS
NoNo
Soporte EsquinaSoporte Empotrado
DS-1276ZJ-SUSNo
DS-1276ZJ-SUSNo
DS-1276ZJ-SUSNo
DS-1276ZJ-SUSNo
NoNo
Soporte ParedSoporte Base
DS-1273ZJ-135DS-1280ZJ-DM21
DS-1273ZJ-135DS-1280ZJ-DM21
DS-1273ZJ-140-DM45DS-1280ZJ-DM45
DS-1473ZJ-155DS-1280ZJ-DM55
Soporte TechoSoporte Poste
NoDS-1275ZJ-SUS
DS-1227ZJ-PT6DS-1275ZJ-SUS
NoDS-1275ZJ-SUS
NoDS-1475ZJ-SUS
Soporte EsquinaSoporte Empotrado
DS-1276ZJ-SUSNo
DS-1276ZJ-SUSNo
DS-1276ZJ-SUSNo
DS-1476ZJ-SUSNo
Soporte ParedSoporte Base
DS-1273ZJ-140DS-1280ZJ-PT6
DS-1473ZJ-155No
DS-1473ZJ-155BNo
Soporte Techo
DS-1280ZJ-XSDS-1275ZJ-SUS+DS-12 73ZJ-
DS-1471ZJ-155
DS-1276ZJ-SUS+DS-22 00ZJ-
DS-
DS-2DE2A204IW-
DS-2DE4A225IW-
DS-2DE7A232IW-
DS-1605ZJ
DS-1605ZJ
DS-1618ZJ
DS-1604ZJ
DS-1602ZJNo
Soporte TechoSoporte Poste
NoNo
DS-1297ZJNo
DS-1671ZJ-SD11DS-1275ZJ-SUS
DS-1661ZJDS-1604ZJ-POLE
DS-1661ZJDS-1604ZJ-POLE
Soporte EsquinaSoporte Empotrado
NoNo
NoNo
DS-1276ZJ-SUSNo
DS-1604ZJ-CORNERNo
DS-1604ZJ-CORNERNo
DS-2DE2A404IW-
Soporte ParedSoporte Base
DS-1294ZJ-PTNo
DS-1605ZJDS-1280ZJ-SD11
DS-1618ZJNo
NoNo
Soporte TechoSoporte Poste
DS-1297ZJNo
NoNo
DS-1661ZJDS-1604ZJ-POLE
NoDS-1604ZJ-POLE
Soporte EsquinaSoporte Empotrado
NoNo
NoNo
DS-1602ZJ-CornerNo
DS-1602ZJ-CornerNo
DS-2DE7A632IWG-EBx32
DS-2DE7A825IW-AEBx25
DS-2DF8C842IXS-AELWx42
Soporte ParedSoporte Base
DS-1604ZJDS-1674ZJ
DS-1602ZJNo
DS-1604ZJ-PNo
Soporte TechoSoporte Poste
DS-1663ZJDS-1673ZJ
DS-1661ZJDS-1673ZJ
DS-1667ZJ-PDS-1604ZJ-POLE-P
Soporte EsquinaSoporte Empotrado
DS-1604ZJ-CORNERDS-1663ZJ
DS-1602ZJ-CornerNo
DS-1604ZJ-CORNER-PNo
Soporte Suspendido
DS-1661ZJ36 Vdc
DS-
DS-
DS-2CD6D44G1-
DS-
DS-
DS-
IDS-7608NXI-M2-8P-XHDMI
DS-7616NXI-K2-
DS-7716NXI-K4-
DS-7616NXI-I2-
DS-7716NXI-I4-
DS-7616NI-M2-
IDS-7716NXI-
IDS-7732NXI-M4-XIP
DS-7732NXI-K4IP
DS-7732NI-M4IP
DS-7732NXI-I4-SIP
DS-7732NI-I4-16PIP
DS-7764NI-M4IP
IDS-9664NXI-M8-XIP
DS-96128NI-I16IP
DS-2XS2T41G1-ID-4G-
4G-C18S40(4MM)-O-
DS-2XS6A46G1-P-IZS-
DS-2DE5425IWG-K-4G
DS-2TD2617-3-QABullet
DS-2TD2617-6-QABullet
DS-2TD2617-10-QABullet
DS-2TD2628-3-QABullet
DS-2TD2628-7-QABullet
DS-2TD2628-10-QABullet
DS-2TD2138-13-QYBullet
DS-2TD2138-10-Q(LITE)Bullet
DS-2TD2138-15-Q(LITE)Bullet
DS-2TD2138-25-Q(LITE)Bullet
DS-6701HUHIHD - TVI
SPE-420HD - TVI
SPE-1630HD - TVI
DS-6901UDI1
SPD-15264
DS-6904UDI4
DS-6908UDI8
DS-6912UDI12
DS-6916UDI16
DS-2XC6142FWD-IS(2.8MM)Minidomo
XNV-6080RSAMinidomo
DS-2XC6027G0-LS(2.8MM)Bullet
Soporte ParedSoporte Base
DS-1705ZJ-DM35-Y3(OS)DS-1284ZJ-M-AC 3(OS)
NoNo
DS -1280ZJ-S-428C -ACYNo
Soporte ParedSoporte Base
DS-1293ZJNo
NoNo
NoIncluida
NoIncluida
NoNo
DS-1701ZJ/HWBNo
DS-1214ZJ
DS-1275ZJ/
DS-1275ZJ/HWB
DS-3T1306P-
DS-3E0105P-
EIV2
DS-D5032F3-1V0S32”
SMT-324032”
SMT-321532”
QRDCD32HG1A0IK1032”
DS-D5232F2-1V1S32”
DS-D5043QE42
SMT-43435”
M4K43-G2-EU43”
QRDCD42HG1A0IK1043”
DS-D5043U3-1V0S43”
DS-TL2002CI16 - 30 m
WS-IR18040-POE180 m
WS-IR18040-220180 m
WS-IR556055 m
WS-IR20060200 m